
Discarded input sections

 .text          0x0000000000000000        0x0 ./User/main.o
 .data          0x0000000000000000        0x0 ./User/main.o
 .bss           0x0000000000000000        0x0 ./User/main.o
 .text          0x0000000000000000        0x0 ./Startup/startup_ch32v00x.o
 .data          0x0000000000000000        0x0 ./Startup/startup_ch32v00x.o
 .bss           0x0000000000000000        0x0 ./Startup/startup_ch32v00x.o

Memory Configuration

Name             Origin             Length             Attributes
FLASH            0x0000000000000000 0x0000000000004000 xr
RAM              0x0000000020000000 0x0000000000000800 xrw
*default*        0x0000000000000000 0xffffffffffffffff

Linker script and memory map

LOAD ./User/main.o
LOAD ./Startup/startup_ch32v00x.o
LOAD c:/mounriver/mounriver_studio2/resources/app/resources/win32/components/wch/toolchain/risc-v embedded gcc/bin/../lib/gcc/riscv-none-embed/8.2.0/../../../../riscv-none-embed/lib/rv32ecxw/ilp32e\libm.a
LOAD c:/mounriver/mounriver_studio2/resources/app/resources/win32/components/wch/toolchain/risc-v embedded gcc/bin/../lib/gcc/riscv-none-embed/8.2.0/../../../../riscv-none-embed/lib/rv32ecxw/ilp32e\libprintf.a
LOAD c:/mounriver/mounriver_studio2/resources/app/resources/win32/components/wch/toolchain/risc-v embedded gcc/bin/../lib/gcc/riscv-none-embed/8.2.0/rv32ecxw/ilp32e\libgcc.a
LOAD c:/mounriver/mounriver_studio2/resources/app/resources/win32/components/wch/toolchain/risc-v embedded gcc/bin/../lib/gcc/riscv-none-embed/8.2.0/../../../../riscv-none-embed/lib/rv32ecxw/ilp32e\libg_nano.a
LOAD c:/mounriver/mounriver_studio2/resources/app/resources/win32/components/wch/toolchain/risc-v embedded gcc/bin/../lib/gcc/riscv-none-embed/8.2.0/../../../../riscv-none-embed/lib/rv32ecxw/ilp32e\libc_nano.a
LOAD c:/mounriver/mounriver_studio2/resources/app/resources/win32/components/wch/toolchain/risc-v embedded gcc/bin/../lib/gcc/riscv-none-embed/8.2.0/rv32ecxw/ilp32e\libgcc.a
START GROUP
LOAD c:/mounriver/mounriver_studio2/resources/app/resources/win32/components/wch/toolchain/risc-v embedded gcc/bin/../lib/gcc/riscv-none-embed/8.2.0/rv32ecxw/ilp32e\libgcc.a
LOAD c:/mounriver/mounriver_studio2/resources/app/resources/win32/components/wch/toolchain/risc-v embedded gcc/bin/../lib/gcc/riscv-none-embed/8.2.0/../../../../riscv-none-embed/lib/rv32ecxw/ilp32e\libc_nano.a
LOAD c:/mounriver/mounriver_studio2/resources/app/resources/win32/components/wch/toolchain/risc-v embedded gcc/bin/../lib/gcc/riscv-none-embed/8.2.0/../../../../riscv-none-embed/lib/rv32ecxw/ilp32e\libnosys.a
END GROUP
START GROUP
LOAD c:/mounriver/mounriver_studio2/resources/app/resources/win32/components/wch/toolchain/risc-v embedded gcc/bin/../lib/gcc/riscv-none-embed/8.2.0/rv32ecxw/ilp32e\libgcc.a
LOAD c:/mounriver/mounriver_studio2/resources/app/resources/win32/components/wch/toolchain/risc-v embedded gcc/bin/../lib/gcc/riscv-none-embed/8.2.0/../../../../riscv-none-embed/lib/rv32ecxw/ilp32e\libc_nano.a
LOAD c:/mounriver/mounriver_studio2/resources/app/resources/win32/components/wch/toolchain/risc-v embedded gcc/bin/../lib/gcc/riscv-none-embed/8.2.0/../../../../riscv-none-embed/lib/rv32ecxw/ilp32e\libnosys.a
END GROUP
                0x0000000000000100                __stack_size = 0x100
                [!provide]                        PROVIDE (_stack_size = __stack_size)

.init           0x0000000000000000       0xa0
                0x0000000000000000                _sinit = .
                0x0000000000000000                . = ALIGN (0x4)
 *(SORT_NONE(.init))
 .init          0x0000000000000000       0x9e ./Startup/startup_ch32v00x.o
                0x0000000000000000                _start
                0x00000000000000a0                . = ALIGN (0x4)
 *fill*         0x000000000000009e        0x2 
                0x00000000000000a0                _einit = .

.highcodelalign
                0x00000000000000a0        0x0
                0x00000000000000a0                . = ALIGN (0x4)
                0x00000000000000a0                PROVIDE (_highcode_lma = .)

.highcode       0x0000000020000000        0x0 load address 0x00000000000000a0
                0x0000000020000000                . = ALIGN (0x4)
                0x0000000020000000                PROVIDE (_highcode_vma_start = .)
 *(.highcode)
 *(.highcode.*)
                0x0000000020000000                . = ALIGN (0x4)
                0x0000000020000000                PROVIDE (_highcode_vma_end = .)

.text           0x00000000000000a0       0xb4
                0x00000000000000a0                . = ALIGN (0x4)
 *(.text)
 *(.text.*)
 .text.startup.main
                0x00000000000000a0        0x4 ./User/main.o
                0x00000000000000a0                main
 .text.vector_handler
                0x00000000000000a4        0x2 ./Startup/startup_ch32v00x.o
                0x00000000000000a4                TIM1_CC_IRQHandler
                0x00000000000000a4                HardFault_Handler
                0x00000000000000a4                SysTick_Handler
                0x00000000000000a4                PVD_IRQHandler
                0x00000000000000a4                NMI_Handler
                0x00000000000000a4                SPI1_IRQHandler
                0x00000000000000a4                AWU_IRQHandler
                0x00000000000000a4                EXTI7_0_IRQHandler
                0x00000000000000a4                DMA1_Channel4_IRQHandler
                0x00000000000000a4                ADC1_IRQHandler
                0x00000000000000a4                DMA1_Channel7_IRQHandler
                0x00000000000000a4                I2C1_EV_IRQHandler
                0x00000000000000a4                DMA1_Channel6_IRQHandler
                0x00000000000000a4                RCC_IRQHandler
                0x00000000000000a4                TIM1_TRG_COM_IRQHandler
                0x00000000000000a4                DMA1_Channel1_IRQHandler
                0x00000000000000a4                DMA1_Channel5_IRQHandler
                0x00000000000000a4                DMA1_Channel3_IRQHandler
                0x00000000000000a4                TIM1_UP_IRQHandler
                0x00000000000000a4                WWDG_IRQHandler
                0x00000000000000a4                TIM2_IRQHandler
                0x00000000000000a4                SW_Handler
                0x00000000000000a4                TIM1_BRK_IRQHandler
                0x00000000000000a4                DMA1_Channel2_IRQHandler
                0x00000000000000a4                FLASH_IRQHandler
                0x00000000000000a4                USART1_IRQHandler
                0x00000000000000a4                I2C1_ER_IRQHandler
 .text.handle_reset
                0x00000000000000a6       0xac ./Startup/startup_ch32v00x.o
                0x00000000000000a6                handle_reset
 *(.rodata)
 *(.rodata*)
 *(.gnu.linkonce.t.*)
                0x0000000000000154                . = ALIGN (0x4)
 *fill*         0x0000000000000152        0x2 

.rela.dyn       0x0000000000000154        0x0
 .rela.init     0x0000000000000154        0x0 ./User/main.o
 .rela.text.handle_reset
                0x0000000000000154        0x0 ./User/main.o

.fini           0x0000000000000154        0x0
 *(SORT_NONE(.fini))
                0x0000000000000154                . = ALIGN (0x4)
                [!provide]                        PROVIDE (_etext = .)
                [!provide]                        PROVIDE (_eitcm = .)

.preinit_array  0x0000000000000154        0x0
                [!provide]                        PROVIDE (__preinit_array_start = .)
 *(.preinit_array)
                [!provide]                        PROVIDE (__preinit_array_end = .)

.init_array     0x0000000000000154        0x0
                [!provide]                        PROVIDE (__init_array_start = .)
 *(SORT_BY_INIT_PRIORITY(.init_array.*) SORT_BY_INIT_PRIORITY(.ctors.*))
 *(.init_array EXCLUDE_FILE(*crtend?.o *crtend.o *crtbegin?.o *crtbegin.o) .ctors)
                [!provide]                        PROVIDE (__init_array_end = .)

.fini_array     0x0000000000000154        0x0
                [!provide]                        PROVIDE (__fini_array_start = .)
 *(SORT_BY_INIT_PRIORITY(.fini_array.*) SORT_BY_INIT_PRIORITY(.dtors.*))
 *(.fini_array EXCLUDE_FILE(*crtend?.o *crtend.o *crtbegin?.o *crtbegin.o) .dtors)
                [!provide]                        PROVIDE (__fini_array_end = .)

.ctors
 *crtbegin.o(.ctors)
 *crtbegin?.o(.ctors)
 *(EXCLUDE_FILE(*crtend?.o *crtend.o) .ctors)
 *(SORT_BY_NAME(.ctors.*))
 *(.ctors)

.dtors
 *crtbegin.o(.dtors)
 *crtbegin?.o(.dtors)
 *(EXCLUDE_FILE(*crtend?.o *crtend.o) .dtors)
 *(SORT_BY_NAME(.dtors.*))
 *(.dtors)

.dalign         0x0000000020000000        0x0 load address 0x0000000000000154
                0x0000000020000000                . = ALIGN (0x4)
                0x0000000020000000                PROVIDE (_data_vma = .)

.dlalign        0x0000000000000154        0x0
                0x0000000000000154                . = ALIGN (0x4)
                0x0000000000000154                PROVIDE (_data_lma = .)

.data           0x0000000020000000        0x0 load address 0x0000000000000154
                0x0000000020000000                . = ALIGN (0x4)
 *(.gnu.linkonce.r.*)
 *(.data .data.*)
 *(.gnu.linkonce.d.*)
                0x0000000020000000                . = ALIGN (0x8)
                0x0000000020000800                PROVIDE (__global_pointer$ = (. + 0x800))
 *(.sdata .sdata.*)
 *(.sdata2*)
 *(.gnu.linkonce.s.*)
                0x0000000020000000                . = ALIGN (0x8)
 *(.srodata.cst16)
 *(.srodata.cst8)
 *(.srodata.cst4)
 *(.srodata.cst2)
 *(.srodata .srodata.*)
                0x0000000020000000                . = ALIGN (0x4)
                0x0000000020000000                PROVIDE (_edata = .)

.bss            0x0000000020000000        0x0 load address 0x0000000000000154
                0x0000000020000000                . = ALIGN (0x4)
                0x0000000020000000                PROVIDE (_sbss = .)
 *(.sbss*)
 *(.gnu.linkonce.sb.*)
 *(.bss*)
 *(.gnu.linkonce.b.*)
 *(COMMON*)
                0x0000000020000000                . = ALIGN (0x4)
                0x0000000020000000                PROVIDE (_ebss = .)
                [!provide]                        PROVIDE (_end = _ebss)
                [!provide]                        PROVIDE (end = .)

.stack          0x0000000020000700      0x100
                [!provide]                        PROVIDE (_heap_end = .)
                0x0000000020000700                . = ALIGN (0x4)
                [!provide]                        PROVIDE (_susrstack = .)
                0x0000000020000800                . = (. + __stack_size)
 *fill*         0x0000000020000700      0x100 
                0x0000000020000800                PROVIDE (_eusrstack = .)
OUTPUT(CH32V003F4P.elf elf32-littleriscv)

.debug_info     0x0000000000000000       0x65
 .debug_info    0x0000000000000000       0x43 ./User/main.o
 .debug_info    0x0000000000000043       0x22 ./Startup/startup_ch32v00x.o

.debug_abbrev   0x0000000000000000       0x4d
 .debug_abbrev  0x0000000000000000       0x3b ./User/main.o
 .debug_abbrev  0x000000000000003b       0x12 ./Startup/startup_ch32v00x.o

.debug_aranges  0x0000000000000000       0x50
 .debug_aranges
                0x0000000000000000       0x20 ./User/main.o
 .debug_aranges
                0x0000000000000020       0x30 ./Startup/startup_ch32v00x.o

.debug_ranges   0x0000000000000000       0x38
 .debug_ranges  0x0000000000000000       0x10 ./User/main.o
 .debug_ranges  0x0000000000000010       0x28 ./Startup/startup_ch32v00x.o

.debug_line     0x0000000000000000      0x189
 .debug_line    0x0000000000000000       0x47 ./User/main.o
 .debug_line    0x0000000000000047      0x142 ./Startup/startup_ch32v00x.o

.debug_str      0x0000000000000000      0x13d
 .debug_str     0x0000000000000000      0x113 ./User/main.o
 .debug_str     0x0000000000000113       0x2a ./Startup/startup_ch32v00x.o
                                         0x63 (size before relaxing)

.comment        0x0000000000000000       0x33
 .comment       0x0000000000000000       0x33 ./User/main.o
                                         0x34 (size before relaxing)

.debug_frame    0x0000000000000000       0x20
 .debug_frame   0x0000000000000000       0x20 ./User/main.o
